// Jest Snapshot v1, https://goo.gl/fbAQLP

exports[`<TrackDetailContainer /> container tests should render and match the snapshot 1`] = `
<body>
  <div>
    <div
      class="TrackDetailContainer__Container-sc-1wt099m-0 hPWKJQ"
    >
      <div
        class="ant-card ant-card-bordered TrackDetailContainer__CustomCard-sc-1wt099m-2 gEMjsW"
      >
        <div
          class="ant-card-cover"
        >
          <img
            alt="example"
            class="TrackDetailContainer__Image-sc-1wt099m-1 cbBLqZ"
            src="https://is4-ssl.mzstatic.com/image/thumb/Music115/v4/8d/af/2e/8daf2ed5-b5c1-9c53-17fc-a10d7a247121/source/100x100bb.jpg"
          />
        </div>
        <div
          class="ant-card-body"
        >
          <h5
            class="ant-typography TrackDetailContainer__CustomTitle-sc-1wt099m-6 eUEWKz"
          >
            song
          </h5>
          <div
            class="ant-card-meta"
          >
            <div
              class="ant-card-meta-detail"
            >
              <div
                class="ant-card-meta-title"
              >
                Faded (feat. Lil Wayne)
              </div>
              <div
                class="ant-card-meta-description"
              >
                Tyga
              </div>
            </div>
          </div>
          <audio
            class="TrackDetailContainer__Audio-sc-1wt099m-3 ihqLXm"
            controls=""
          >
            <source
              class="TrackDetailContainer__Source-sc-1wt099m-4 eLriFX"
              data-testid="audio-src"
              src="https://audio-ssl.itunes.apple.com/itunes-assets/AudioPreview115/v4/9b/8a/cb/9b8acba2-949a-acf7-16e6-c1a869e7340a/mzaf_8420185230668042391.plus.aac.p.m4a"
            />
          </audio>
          <span
            class="ant-typography TrackDetailContainer__CustomText-sc-1wt099m-5 kfUHax"
          >
             Collection Name : 
            Careless World: Rise of the Last King
          </span>
          <span
            class="ant-typography ant-typography-success TrackDetailContainer__CustomText-sc-1wt099m-5 kfUHax"
          >
            <i>
               
              Price : $
              1.29
            </i>
          </span>
        </div>
      </div>
    </div>
  </div>
</body>
`;
